../Core/Src/main.c:194:5:main	32	static
../Core/Src/main.c:296:6:SystemClock_Config	88	static
../Core/Src/main.c:343:13:MX_ADC1_Init	24	static
../Core/Src/main.c:395:13:MX_ADC2_Init	24	static
../Core/Src/main.c:447:13:MX_I2C2_Init	8	static
../Core/Src/main.c:481:13:MX_SPI1_Init	8	static
../Core/Src/main.c:519:13:MX_TIM1_Init	96	static
../Core/Src/main.c:598:13:MX_TIM2_Init	56	static
../Core/Src/main.c:647:13:MX_TIM3_Init	56	static
../Core/Src/main.c:696:13:MX_TIM4_Init	64	static
../Core/Src/main.c:755:13:MX_TIM6_Init	16	static
../Core/Src/main.c:793:13:MX_TIM8_Init	96	static
../Core/Src/main.c:880:13:MX_TIM9_Init	56	static
../Core/Src/main.c:932:13:MX_UART4_Init	8	static
../Core/Src/main.c:965:13:MX_GPIO_Init	56	static
../Core/Src/main.c:1070:6:HAL_TIM_PeriodElapsedCallback	16	static
../Core/Src/main.c:1076:10:millis	4	static
../Core/Src/main.c:1081:6:updateIR	16	static
../Core/Src/main.c:1134:6:FR_Array_Mux_In_Select	16	static
../Core/Src/main.c:1150:6:calibrate	232	static
../Core/Src/main.c:1220:6:servo_sweep	16	static
../Core/Src/main.c:1247:5:Get_abs	16	static
../Core/Src/main.c:1260:6:TCS3472_Init	16	static
../Core/Src/main.c:1268:6:TCS3472_Read_Color_Data	48	static
../Core/Src/main.c:1291:6:Error_Handler	4	static,ignoring_inline_asm
