../Core/Src/main.c:126:5:main	8	static
../Core/Src/main.c:337:6:SystemClock_Config	96	static
../Core/Src/main.c:384:13:MX_ADC1_Init	24	static
../Core/Src/main.c:443:13:MX_TIM1_Init	120	static
../Core/Src/main.c:529:13:MX_TIM3_Init	40	static
../Core/Src/main.c:574:13:MX_GPIO_Init	56	static
../Core/Src/main.c:617:6:HAL_TIM_PeriodElapsedCallback	16	static
../Core/Src/main.c:623:10:millis	8	static
../Core/Src/main.c:627:6:speed	16	static
../Core/Src/main.c:632:6:motor	16	static
../Core/Src/main.c:652:6:calibrate	104	static
../Core/Src/main.c:714:6:updateIR	16	static
../Core/Src/main.c:800:6:Error_Handler	8	static,ignoring_inline_asm
