../Core/Src/main.c:176:5:main	32	static
../Core/Src/main.c:274:6:SystemClock_Config	88	static
../Core/Src/main.c:321:13:MX_ADC1_Init	24	static
../Core/Src/main.c:373:13:MX_ADC2_Init	24	static
../Core/Src/main.c:425:13:MX_I2C2_Init	8	static
../Core/Src/main.c:459:13:MX_SPI1_Init	8	static
../Core/Src/main.c:497:13:MX_TIM1_Init	96	static
../Core/Src/main.c:576:13:MX_TIM2_Init	56	static
../Core/Src/main.c:625:13:MX_TIM3_Init	56	static
../Core/Src/main.c:674:13:MX_TIM4_Init	64	static
../Core/Src/main.c:733:13:MX_TIM6_Init	16	static
../Core/Src/main.c:771:13:MX_TIM8_Init	96	static
../Core/Src/main.c:858:13:MX_TIM9_Init	56	static
../Core/Src/main.c:910:13:MX_UART4_Init	8	static
../Core/Src/main.c:943:13:MX_GPIO_Init	56	static
../Core/Src/main.c:1048:6:HAL_TIM_PeriodElapsedCallback	16	static
../Core/Src/main.c:1054:10:millis	4	static
../Core/Src/main.c:1059:6:updateIR	16	static
../Core/Src/main.c:1111:6:FR_Array_Mux_In_Select	16	static
../Core/Src/main.c:1127:6:calibrate	232	static
../Core/Src/main.c:1197:6:servo_sweep	16	static
../Core/Src/main.c:1224:5:Get_abs	16	static
../Core/Src/main.c:1237:6:TCS3472_Init	16	static
../Core/Src/main.c:1245:6:TCS3472_Read_Color_Data	48	static
../Core/Src/main.c:1268:6:Error_Handler	4	static,ignoring_inline_asm
